com/github/sardine/model/Exclusive.class
com/github/sardine/ant/command/CreateDirectory.class
com/github/sardine/model/Property.class
com/github/sardine/model/Location.class
com/github/sardine/model/SearchRequest.class
com/github/sardine/impl/methods/HttpMkCol.class
com/github/sardine/impl/handler/ETagResponseHandler.class
com/github/sardine/model/Link.class
com/github/sardine/model/Locktoken.class
com/github/sardine/impl/SardineException.class
com/github/sardine/model/Propname.class
com/github/sardine/model/Protected.class
com/github/sardine/model/Supportedlock.class
com/github/sardine/impl/methods/HttpMove.class
com/github/sardine/DavAce.class
com/github/sardine/model/ObjectFactory.class
com/github/sardine/impl/methods/HttpUnlock.class
com/github/sardine/impl/handler/ValidatingResponseHandler.class
com/github/sardine/model/Collection.class
com/github/sardine/model/Grant.class
com/github/sardine/DavPrincipal$PrincipalType.class
com/github/sardine/model/Principal.class
com/github/sardine/report/SardineReport.class
com/github/sardine/impl/io/HttpMethodReleaseInputStream.class
com/github/sardine/model/Lockdiscovery.class
com/github/sardine/impl/methods/HttpPropFind.class
com/github/sardine/DavAce$1.class
com/github/sardine/ant/command/Copy.class
com/github/sardine/ant/command/Put.class
com/github/sardine/model/Omit.class
com/github/sardine/model/Lockscope.class
com/github/sardine/model/ReadCurrentUserPrivilegeSet.class
com/github/sardine/model/Shared.class
com/github/sardine/report/SyncCollectionReport.class
com/github/sardine/model/QuotaAvailableBytes.class
com/github/sardine/model/Creationdate.class
com/github/sardine/impl/io/ByteCountInputStream.class
com/github/sardine/model/Set.class
com/github/sardine/model/Locktype.class
com/github/sardine/model/SupportedReportSet.class
com/github/sardine/impl/io/ConsumingInputStream.class
com/github/sardine/impl/handler/LockResponseHandler.class
com/github/sardine/model/PrincipalCollectionSet.class
com/github/sardine/Sardine.class
com/github/sardine/model/WriteProperties.class
com/github/sardine/impl/methods/HttpLock.class
com/github/sardine/model/Owner.class
com/github/sardine/model/Displayname.class
com/github/sardine/model/Write.class
com/github/sardine/model/PrincipalURL.class
com/github/sardine/SardineFactory.class
com/github/sardine/impl/SardineRedirectStrategy.class
com/github/sardine/ant/Command.class
com/github/sardine/model/WriteContent.class
com/github/sardine/DavQuota.class
com/github/sardine/model/All.class
com/github/sardine/DavResource.class
com/github/sardine/model/Keepalive.class
com/github/sardine/model/Error.class
com/github/sardine/ant/command/Exists.class
com/github/sardine/impl/handler/MultiStatusResponseHandler.class
com/github/sardine/model/Lockinfo.class
com/github/sardine/impl/methods/HttpReport.class
com/github/sardine/model/Propstat.class
com/github/sardine/model/SupportedReport.class
com/github/sardine/model/Remove.class
com/github/sardine/model/package-info.class
com/github/sardine/ant/command/Delete.class
com/github/sardine/model/Getcontenttype.class
com/github/sardine/report/SyncCollectionReport$Result.class
com/github/sardine/model/Limit.class
com/github/sardine/model/Response.class
com/github/sardine/model/Lockentry.class
com/github/sardine/impl/methods/HttpPropPatch.class
com/github/sardine/DavAcl.class
com/github/sardine/model/Deny.class
com/github/sardine/impl/methods/HttpAcl.class
com/github/sardine/model/Propertybehavior.class
com/github/sardine/report/SyncCollectionReport$SyncLevel.class
com/github/sardine/DavPrincipal.class
com/github/sardine/model/Group.class
com/github/sardine/model/Activelock.class
com/github/sardine/impl/handler/HeadersResponseHandler.class
com/github/sardine/model/UnBind.class
com/github/sardine/model/Privilege.class
com/github/sardine/model/Ace.class
com/github/sardine/ant/command/Move.class
com/github/sardine/impl/SardineImpl$1.class
com/github/sardine/model/Multistatus.class
com/github/sardine/model/Read.class
com/github/sardine/impl/methods/HttpSearch.class
com/github/sardine/Version.class
com/github/sardine/util/SardineUtil.class
com/github/sardine/model/Authenticated.class
com/github/sardine/model/Inherited.class
com/github/sardine/model/Bind.class
com/github/sardine/model/Propfind.class
com/github/sardine/model/Acl.class
com/github/sardine/model/QuotaUsedBytes.class
com/github/sardine/model/Unlock.class
com/github/sardine/impl/handler/ExistsResponseHandler.class
com/github/sardine/model/ReadAcl.class
com/github/sardine/impl/methods/HttpCopy.class
com/github/sardine/model/Resourcetype.class
com/github/sardine/ant/SardineTask.class
com/github/sardine/model/Source.class
com/github/sardine/model/Getlastmodified.class
com/github/sardine/model/Getcontentlanguage.class
com/github/sardine/model/SimplePrivilege.class
com/github/sardine/model/Self.class
com/github/sardine/impl/SardineImpl.class
com/github/sardine/model/Unauthenticated.class
com/github/sardine/model/Propertyupdate.class
com/github/sardine/ant/command/RecursiveGet.class
com/github/sardine/model/SyncCollection.class
com/github/sardine/model/Report.class
com/github/sardine/model/Allprop.class
com/github/sardine/model/Prop.class
com/github/sardine/DavResource$DavProperties.class
com/github/sardine/model/Getcontentlength.class
com/github/sardine/impl/handler/VoidResponseHandler.class
com/github/sardine/impl/io/ContentLengthInputStream.class
com/github/sardine/model/Getetag.class
