/home/goldware/Загрузки/sardine-master/src/main/java/com/github/sardine/impl/SardineRedirectStrategy.java
/home/goldware/Загрузки/sardine-master/src/main/java/com/github/sardine/impl/handler/VoidResponseHandler.java
/home/goldware/Загрузки/sardine-master/src/main/java/com/github/sardine/ant/command/CreateDirectory.java
/home/goldware/Загрузки/sardine-master/src/main/java/com/github/sardine/model/Deny.java
/home/goldware/Загрузки/sardine-master/src/main/java/com/github/sardine/model/Displayname.java
/home/goldware/Загрузки/sardine-master/src/main/java/com/github/sardine/model/Remove.java
/home/goldware/Загрузки/sardine-master/src/main/java/com/github/sardine/model/Limit.java
/home/goldware/Загрузки/sardine-master/src/main/java/com/github/sardine/model/Link.java
/home/goldware/Загрузки/sardine-master/src/main/java/com/github/sardine/impl/methods/HttpPropFind.java
/home/goldware/Загрузки/sardine-master/src/main/java/com/github/sardine/model/Location.java
/home/goldware/Загрузки/sardine-master/src/main/java/com/github/sardine/model/Getcontentlanguage.java
/home/goldware/Загрузки/sardine-master/src/main/java/com/github/sardine/model/Group.java
/home/goldware/Загрузки/sardine-master/src/main/java/com/github/sardine/util/package-info.java
/home/goldware/Загрузки/sardine-master/src/main/java/com/github/sardine/model/Self.java
/home/goldware/Загрузки/sardine-master/src/main/java/com/github/sardine/model/Write.java
/home/goldware/Загрузки/sardine-master/src/main/java/com/github/sardine/model/Response.java
/home/goldware/Загрузки/sardine-master/src/main/java/com/github/sardine/model/Set.java
/home/goldware/Загрузки/sardine-master/src/main/java/com/github/sardine/model/SyncCollection.java
/home/goldware/Загрузки/sardine-master/src/main/java/com/github/sardine/model/Lockinfo.java
/home/goldware/Загрузки/sardine-master/src/main/java/com/github/sardine/model/Propertyupdate.java
/home/goldware/Загрузки/sardine-master/src/main/java/com/github/sardine/impl/io/ConsumingInputStream.java
/home/goldware/Загрузки/sardine-master/src/main/java/com/github/sardine/model/Lockscope.java
/home/goldware/Загрузки/sardine-master/src/main/java/com/github/sardine/impl/methods/HttpMkCol.java
/home/goldware/Загрузки/sardine-master/src/main/java/com/github/sardine/ant/command/Exists.java
/home/goldware/Загрузки/sardine-master/src/main/java/com/github/sardine/impl/handler/LockResponseHandler.java
/home/goldware/Загрузки/sardine-master/src/main/java/com/github/sardine/ant/SardineTask.java
/home/goldware/Загрузки/sardine-master/src/main/java/com/github/sardine/report/SardineReport.java
/home/goldware/Загрузки/sardine-master/src/main/java/com/github/sardine/impl/handler/HeadersResponseHandler.java
/home/goldware/Загрузки/sardine-master/src/main/java/com/github/sardine/model/Exclusive.java
/home/goldware/Загрузки/sardine-master/src/main/java/com/github/sardine/model/Propfind.java
/home/goldware/Загрузки/sardine-master/src/main/java/com/github/sardine/ant/command/package-info.java
/home/goldware/Загрузки/sardine-master/src/main/java/com/github/sardine/impl/methods/HttpAcl.java
/home/goldware/Загрузки/sardine-master/src/main/java/com/github/sardine/model/Locktoken.java
/home/goldware/Загрузки/sardine-master/src/main/java/com/github/sardine/model/Unlock.java
/home/goldware/Загрузки/sardine-master/src/main/java/com/github/sardine/model/UnBind.java
/home/goldware/Загрузки/sardine-master/src/main/java/com/github/sardine/impl/handler/package-info.java
/home/goldware/Загрузки/sardine-master/src/main/java/com/github/sardine/impl/io/HttpMethodReleaseInputStream.java
/home/goldware/Загрузки/sardine-master/src/main/java/com/github/sardine/DavAce.java
/home/goldware/Загрузки/sardine-master/src/main/java/com/github/sardine/model/Grant.java
/home/goldware/Загрузки/sardine-master/src/main/java/com/github/sardine/DavQuota.java
/home/goldware/Загрузки/sardine-master/src/main/java/com/github/sardine/impl/package-info.java
/home/goldware/Загрузки/sardine-master/src/main/java/com/github/sardine/model/Acl.java
/home/goldware/Загрузки/sardine-master/src/main/java/com/github/sardine/ant/package-info.java
/home/goldware/Загрузки/sardine-master/src/main/java/com/github/sardine/report/SyncCollectionReport.java
/home/goldware/Загрузки/sardine-master/src/main/java/com/github/sardine/model/PrincipalURL.java
/home/goldware/Загрузки/sardine-master/src/main/java/com/github/sardine/impl/methods/HttpUnlock.java
/home/goldware/Загрузки/sardine-master/src/main/java/com/github/sardine/Version.java
/home/goldware/Загрузки/sardine-master/src/main/java/com/github/sardine/impl/SardineImpl.java
/home/goldware/Загрузки/sardine-master/src/main/java/com/github/sardine/package-info.java
/home/goldware/Загрузки/sardine-master/src/main/java/com/github/sardine/model/Locktype.java
/home/goldware/Загрузки/sardine-master/src/main/java/com/github/sardine/model/Creationdate.java
/home/goldware/Загрузки/sardine-master/src/main/java/com/github/sardine/model/QuotaUsedBytes.java
/home/goldware/Загрузки/sardine-master/src/main/java/com/github/sardine/model/ReadCurrentUserPrivilegeSet.java
/home/goldware/Загрузки/sardine-master/src/main/java/com/github/sardine/model/package-info.java
/home/goldware/Загрузки/sardine-master/src/main/java/com/github/sardine/model/Keepalive.java
/home/goldware/Загрузки/sardine-master/src/main/java/com/github/sardine/model/Prop.java
/home/goldware/Загрузки/sardine-master/src/main/java/com/github/sardine/model/Ace.java
/home/goldware/Загрузки/sardine-master/src/main/java/com/github/sardine/Sardine.java
/home/goldware/Загрузки/sardine-master/src/main/java/com/github/sardine/model/Supportedlock.java
/home/goldware/Загрузки/sardine-master/src/main/java/com/github/sardine/model/Getcontentlength.java
/home/goldware/Загрузки/sardine-master/src/main/java/com/github/sardine/model/PrincipalCollectionSet.java
/home/goldware/Загрузки/sardine-master/src/main/java/com/github/sardine/model/Principal.java
/home/goldware/Загрузки/sardine-master/src/main/java/com/github/sardine/model/Getetag.java
/home/goldware/Загрузки/sardine-master/src/main/java/com/github/sardine/model/ObjectFactory.java
/home/goldware/Загрузки/sardine-master/src/main/java/com/github/sardine/model/Owner.java
/home/goldware/Загрузки/sardine-master/src/main/java/com/github/sardine/model/Read.java
/home/goldware/Загрузки/sardine-master/src/main/java/com/github/sardine/model/Property.java
/home/goldware/Загрузки/sardine-master/src/main/java/com/github/sardine/model/Propname.java
/home/goldware/Загрузки/sardine-master/src/main/java/com/github/sardine/model/Propstat.java
/home/goldware/Загрузки/sardine-master/src/main/java/com/github/sardine/impl/methods/HttpLock.java
/home/goldware/Загрузки/sardine-master/src/main/java/com/github/sardine/ant/command/Move.java
/home/goldware/Загрузки/sardine-master/src/main/java/com/github/sardine/impl/methods/HttpPropPatch.java
/home/goldware/Загрузки/sardine-master/src/main/java/com/github/sardine/model/ReadAcl.java
/home/goldware/Загрузки/sardine-master/src/main/java/com/github/sardine/ant/command/RecursiveGet.java
/home/goldware/Загрузки/sardine-master/src/main/java/com/github/sardine/util/SardineUtil.java
/home/goldware/Загрузки/sardine-master/src/main/java/com/github/sardine/model/All.java
/home/goldware/Загрузки/sardine-master/src/main/java/com/github/sardine/impl/handler/ETagResponseHandler.java
/home/goldware/Загрузки/sardine-master/src/main/java/com/github/sardine/impl/methods/HttpReport.java
/home/goldware/Загрузки/sardine-master/src/main/java/com/github/sardine/model/SimplePrivilege.java
/home/goldware/Загрузки/sardine-master/src/main/java/com/github/sardine/impl/io/package-info.java
/home/goldware/Загрузки/sardine-master/src/main/java/com/github/sardine/impl/handler/MultiStatusResponseHandler.java
/home/goldware/Загрузки/sardine-master/src/main/java/com/github/sardine/model/Shared.java
/home/goldware/Загрузки/sardine-master/src/main/java/com/github/sardine/model/Lockdiscovery.java
/home/goldware/Загрузки/sardine-master/src/main/java/com/github/sardine/model/Getcontenttype.java
/home/goldware/Загрузки/sardine-master/src/main/java/com/github/sardine/model/Collection.java
/home/goldware/Загрузки/sardine-master/src/main/java/com/github/sardine/model/SupportedReportSet.java
/home/goldware/Загрузки/sardine-master/src/main/java/com/github/sardine/impl/handler/ExistsResponseHandler.java
/home/goldware/Загрузки/sardine-master/src/main/java/com/github/sardine/model/Unauthenticated.java
/home/goldware/Загрузки/sardine-master/src/main/java/com/github/sardine/model/Privilege.java
/home/goldware/Загрузки/sardine-master/src/main/java/com/github/sardine/model/Getlastmodified.java
/home/goldware/Загрузки/sardine-master/src/main/java/com/github/sardine/impl/methods/package-info.java
/home/goldware/Загрузки/sardine-master/src/main/java/com/github/sardine/DavResource.java
/home/goldware/Загрузки/sardine-master/src/main/java/com/github/sardine/model/Lockentry.java
/home/goldware/Загрузки/sardine-master/src/main/java/com/github/sardine/ant/Command.java
/home/goldware/Загрузки/sardine-master/src/main/java/com/github/sardine/impl/io/ByteCountInputStream.java
/home/goldware/Загрузки/sardine-master/src/main/java/com/github/sardine/impl/SardineException.java
/home/goldware/Загрузки/sardine-master/src/main/java/com/github/sardine/model/Inherited.java
/home/goldware/Загрузки/sardine-master/src/main/java/com/github/sardine/model/SupportedReport.java
/home/goldware/Загрузки/sardine-master/src/main/java/com/github/sardine/ant/command/Copy.java
/home/goldware/Загрузки/sardine-master/src/main/java/com/github/sardine/impl/methods/HttpCopy.java
/home/goldware/Загрузки/sardine-master/src/main/java/com/github/sardine/model/Protected.java
/home/goldware/Загрузки/sardine-master/src/main/java/com/github/sardine/model/Omit.java
/home/goldware/Загрузки/sardine-master/src/main/java/com/github/sardine/model/Activelock.java
/home/goldware/Загрузки/sardine-master/src/main/java/com/github/sardine/model/Bind.java
/home/goldware/Загрузки/sardine-master/src/main/java/com/github/sardine/SardineFactory.java
/home/goldware/Загрузки/sardine-master/src/main/java/com/github/sardine/ant/command/Delete.java
/home/goldware/Загрузки/sardine-master/src/main/java/com/github/sardine/impl/io/ContentLengthInputStream.java
/home/goldware/Загрузки/sardine-master/src/main/java/com/github/sardine/impl/handler/ValidatingResponseHandler.java
/home/goldware/Загрузки/sardine-master/src/main/java/com/github/sardine/model/Multistatus.java
/home/goldware/Загрузки/sardine-master/src/main/java/com/github/sardine/model/SearchRequest.java
/home/goldware/Загрузки/sardine-master/src/main/java/com/github/sardine/DavAcl.java
/home/goldware/Загрузки/sardine-master/src/main/java/com/github/sardine/model/Source.java
/home/goldware/Загрузки/sardine-master/src/main/java/com/github/sardine/impl/methods/HttpSearch.java
/home/goldware/Загрузки/sardine-master/src/main/java/com/github/sardine/model/Allprop.java
/home/goldware/Загрузки/sardine-master/src/main/java/com/github/sardine/model/WriteContent.java
/home/goldware/Загрузки/sardine-master/src/main/java/com/github/sardine/ant/command/Put.java
/home/goldware/Загрузки/sardine-master/src/main/java/com/github/sardine/model/Propertybehavior.java
/home/goldware/Загрузки/sardine-master/src/main/java/com/github/sardine/model/Resourcetype.java
/home/goldware/Загрузки/sardine-master/src/main/java/com/github/sardine/model/WriteProperties.java
/home/goldware/Загрузки/sardine-master/src/main/java/com/github/sardine/impl/methods/HttpMove.java
/home/goldware/Загрузки/sardine-master/src/main/java/com/github/sardine/model/Report.java
/home/goldware/Загрузки/sardine-master/src/main/java/com/github/sardine/model/QuotaAvailableBytes.java
/home/goldware/Загрузки/sardine-master/src/main/java/com/github/sardine/model/Authenticated.java
/home/goldware/Загрузки/sardine-master/src/main/java/com/github/sardine/model/Error.java
/home/goldware/Загрузки/sardine-master/src/main/java/com/github/sardine/DavPrincipal.java
