com/github/sardine/IntegrationTest.class
com/github/sardine/LockTest.class
com/github/sardine/impl/SardineExceptionTest.class
com/github/sardine/FunctionalSardineTest$5.class
com/github/sardine/FunctionalSardineTest$4.class
com/github/sardine/ant/command/RecursiveGetTest.class
com/github/sardine/AuthenticationTest$1.class
com/github/sardine/impl/handler/MultiStatusResponseHandlerTest.class
com/github/sardine/AuthenticationTest.class
com/github/sardine/FunctionalSardineTest$8.class
com/github/sardine/impl/io/ByteCountInputStreamTest.class
com/github/sardine/ProppatchTest.class
com/github/sardine/FunctionalSardineTest$9.class
com/github/sardine/FunctionalSardineTest$2.class
com/github/sardine/DavResourceTest$Builder.class
com/github/sardine/AuthenticationTest$1$1.class
com/github/sardine/FunctionalSardineTest$3.class
com/github/sardine/FunctionalSardineTest$7.class
com/github/sardine/FunctionalSardineTest$1.class
com/github/sardine/SardineUtilTest.class
com/github/sardine/DavResourceTest.class
com/github/sardine/FunctionalSardineTest.class
com/github/sardine/FunctionalSardineTest$6.class
