/home/goldware/Загрузки/sardine-master/src/test/java/com/github/sardine/SardineUtilTest.java
/home/goldware/Загрузки/sardine-master/src/test/java/com/github/sardine/DavResourceTest.java
/home/goldware/Загрузки/sardine-master/src/test/java/com/github/sardine/LockTest.java
/home/goldware/Загрузки/sardine-master/src/test/java/com/github/sardine/impl/SardineExceptionTest.java
/home/goldware/Загрузки/sardine-master/src/test/java/com/github/sardine/FunctionalSardineTest.java
/home/goldware/Загрузки/sardine-master/src/test/java/com/github/sardine/ProppatchTest.java
/home/goldware/Загрузки/sardine-master/src/test/java/com/github/sardine/ant/command/RecursiveGetTest.java
/home/goldware/Загрузки/sardine-master/src/test/java/com/github/sardine/IntegrationTest.java
/home/goldware/Загрузки/sardine-master/src/test/java/com/github/sardine/AuthenticationTest.java
/home/goldware/Загрузки/sardine-master/src/test/java/com/github/sardine/impl/io/ByteCountInputStreamTest.java
/home/goldware/Загрузки/sardine-master/src/test/java/com/github/sardine/impl/handler/MultiStatusResponseHandlerTest.java
